<testsuites id="" name="" tests="5" failures="0" skipped="0" errors="0" time="58.890845">
<testsuite name="career.spec.ts" timestamp="2025-10-25T08:54:26.649Z" hostname="chromium" tests="5" failures="0" skipped="0" time="12.183" errors="0">
<testcase name="Career Page › should load and display career timeline" classname="career.spec.ts" time="2.405">
</testcase>
<testcase name="Career Page › should display timeline in chronological order" classname="career.spec.ts" time="2.302">
</testcase>
<testcase name="Career Page › should have proper semantic structure" classname="career.spec.ts" time="2.337">
</testcase>
<testcase name="Career Page › should be responsive on mobile" classname="career.spec.ts" time="2.324">
</testcase>
<testcase name="Career Page › should navigate back to home" classname="career.spec.ts" time="2.815">
</testcase>
</testsuite>
</testsuites>